2025-03-25T12:50:55,988 [main] INFO  (Logger.java:112) - [TestNG] Running:
  C:\Users\Kishan Kumar Pandey\AppData\Local\JetBrains\IdeaIC2024.3\temp-testng-customsuite.xml

2025-03-25T12:50:56,558 [main] INFO  (EndToEndApiRequest.java:33) -  e2eApiRequest test execution started....
2025-03-25T12:50:59,690 [main] INFO  (RestAssuredListener.java:27) - 
 MethodPOST
 URI =>https://restful-booker.herokuapp.com/booking
 request Body=>{

        "firstname": "api testing",
        "lastname": "tutorials",
        "totalprice": 111,
        "depositpaid": true,
        "bookingdates": {
            "checkin": "2018-01-01",
            "checkout": "2019-01-01"
        },
        "additionalneeds": "Breakfast"

}
 response Body=>{
    "bookingid": 4909,
    "booking": {
        "firstname": "api testing",
        "lastname": "tutorials",
        "totalprice": 111,
        "depositpaid": true,
        "bookingdates": {
            "checkin": "2018-01-01",
            "checkout": "2019-01-01"
        },
        "additionalneeds": "Breakfast"
    }
}
2025-03-25T12:51:01,849 [main] INFO  (RestAssuredListener.java:27) - 
 MethodGET
 URI =>https://restful-booker.herokuapp.com/booking/4909
 request Body=>null
 response Body=>{
    "firstname": "api testing",
    "lastname": "tutorials",
    "totalprice": 111,
    "depositpaid": true,
    "bookingdates": {
        "checkin": "2018-01-01",
        "checkout": "2019-01-01"
    },
    "additionalneeds": "Breakfast"
}
2025-03-25T12:51:03,605 [main] INFO  (RestAssuredListener.java:27) - 
 MethodPOST
 URI =>https://restful-booker.herokuapp.com/auth
 request Body=>{
    "username":"admin",
    "password":"password123"
}
 response Body=>{
    "token": "9d8d731991edd4f"
}
2025-03-25T12:51:05,541 [main] INFO  (RestAssuredListener.java:27) - 
 MethodPUT
 URI =>https://restful-booker.herokuapp.com/booking/4909
 request Body=>{
    "firstname" : "APItesting",
    "lastname" : "tutorials",
    "totalprice" : 111,
    "depositpaid" : true,
    "bookingdates" : {
        "checkin" : "2018-01-01",
        "checkout" : "2019-01-01"
    },
    "additionalneeds" : "Breakfast"
}
 response Body=>{
    "firstname": "APItesting",
    "lastname": "tutorials",
    "totalprice": 111,
    "depositpaid": true,
    "bookingdates": {
        "checkin": "2018-01-01",
        "checkout": "2019-01-01"
    },
    "additionalneeds": "Breakfast"
}
2025-03-25T12:51:07,836 [main] INFO  (RestAssuredListener.java:27) - 
 MethodPATCH
 URI =>https://restful-booker.herokuapp.com/booking/4909
 request Body=>{
 "firstname":"kishan",
 "lastname":"pandey"
}
 response Body=>{
    "firstname": "kishan",
    "lastname": "pandey",
    "totalprice": 111,
    "depositpaid": true,
    "bookingdates": {
        "checkin": "2018-01-01",
        "checkout": "2019-01-01"
    },
    "additionalneeds": "Breakfast"
}
2025-03-25T12:51:09,651 [main] INFO  (RestAssuredListener.java:27) - 
 MethodDELETE
 URI =>https://restful-booker.herokuapp.com/booking/4909
 request Body=>null
 response Body=>Created
2025-03-25T12:51:09,683 [main] INFO  (BaseTest.java:34) - java.lang.AssertionError: 1 expectation failed.
Expected status code <202> but was <201>.

	at java.base/jdk.internal.reflect.NativeConstructorAccessorImpl.newInstance0(Native Method)
	at java.base/jdk.internal.reflect.NativeConstructorAccessorImpl.newInstance(NativeConstructorAccessorImpl.java:77)
	at java.base/jdk.internal.reflect.DelegatingConstructorAccessorImpl.newInstance(DelegatingConstructorAccessorImpl.java:45)
	at java.base/java.lang.reflect.Constructor.newInstanceWithCaller(Constructor.java:499)
	at java.base/java.lang.reflect.Constructor.newInstance(Constructor.java:480)
	at org.codehaus.groovy.reflection.CachedConstructor.invoke(CachedConstructor.java:73)
	at org.codehaus.groovy.runtime.callsite.ConstructorSite$ConstructorSiteNoUnwrapNoCoerce.callConstructor(ConstructorSite.java:108)
	at org.codehaus.groovy.runtime.callsite.CallSiteArray.defaultCallConstructor(CallSiteArray.java:57)
	at org.codehaus.groovy.runtime.callsite.AbstractCallSite.callConstructor(AbstractCallSite.java:263)
	at org.codehaus.groovy.runtime.callsite.AbstractCallSite.callConstructor(AbstractCallSite.java:277)
	at io.restassured.internal.ResponseSpecificationImpl$HamcrestAssertionClosure.validate(ResponseSpecificationImpl.groovy:512)
	at io.restassured.internal.ResponseSpecificationImpl$HamcrestAssertionClosure$validate$1.call(Unknown Source)
	at io.restassured.internal.ResponseSpecificationImpl.validateResponseIfRequired(ResponseSpecificationImpl.groovy:696)
	at io.restassured.internal.ResponseSpecificationImpl.this$2$validateResponseIfRequired(ResponseSpecificationImpl.groovy)
	at java.base/jdk.internal.reflect.NativeMethodAccessorImpl.invoke0(Native Method)
	at java.base/jdk.internal.reflect.NativeMethodAccessorImpl.invoke(NativeMethodAccessorImpl.java:77)
	at java.base/jdk.internal.reflect.DelegatingMethodAccessorImpl.invoke(DelegatingMethodAccessorImpl.java:43)
	at java.base/java.lang.reflect.Method.invoke(Method.java:568)
	at org.codehaus.groovy.runtime.callsite.PlainObjectMetaMethodSite.doInvoke(PlainObjectMetaMethodSite.java:43)
	at org.codehaus.groovy.runtime.callsite.PogoMetaMethodSite$PogoCachedMethodSiteNoUnwrapNoCoerce.invoke(PogoMetaMethodSite.java:198)
	at org.codehaus.groovy.runtime.callsite.PogoMetaMethodSite.callCurrent(PogoMetaMethodSite.java:62)
	at org.codehaus.groovy.runtime.callsite.AbstractCallSite.callCurrent(AbstractCallSite.java:185)
	at io.restassured.internal.ResponseSpecificationImpl.statusCode(ResponseSpecificationImpl.groovy:135)
	at io.restassured.specification.ResponseSpecification$statusCode$1.callCurrent(Unknown Source)
	at io.restassured.internal.ResponseSpecificationImpl.statusCode(ResponseSpecificationImpl.groovy:143)
	at io.restassured.internal.ValidatableResponseOptionsImpl.statusCode(ValidatableResponseOptionsImpl.java:89)
	at RestAssuredQABocLetsTest.EndToEndApiRequest.e2eApiRequest(EndToEndApiRequest.java:138)
	at java.base/jdk.internal.reflect.NativeMethodAccessorImpl.invoke0(Native Method)
	at java.base/jdk.internal.reflect.NativeMethodAccessorImpl.invoke(NativeMethodAccessorImpl.java:77)
	at java.base/jdk.internal.reflect.DelegatingMethodAccessorImpl.invoke(DelegatingMethodAccessorImpl.java:43)
	at java.base/java.lang.reflect.Method.invoke(Method.java:568)
	at org.testng.internal.invokers.MethodInvocationHelper.invokeMethod(MethodInvocationHelper.java:141)
	at org.testng.internal.invokers.TestInvoker.invokeMethod(TestInvoker.java:686)
	at org.testng.internal.invokers.TestInvoker.invokeTestMethod(TestInvoker.java:230)
	at org.testng.internal.invokers.MethodRunner.runInSequence(MethodRunner.java:63)
	at org.testng.internal.invokers.TestInvoker$MethodInvocationAgent.invoke(TestInvoker.java:992)
	at org.testng.internal.invokers.TestInvoker.invokeTestMethods(TestInvoker.java:203)
	at org.testng.internal.invokers.TestMethodWorker.invokeTestMethods(TestMethodWorker.java:154)
	at org.testng.internal.invokers.TestMethodWorker.run(TestMethodWorker.java:134)
	at java.base/java.util.ArrayList.forEach(ArrayList.java:1511)
	at org.testng.TestRunner.privateRun(TestRunner.java:739)
	at org.testng.TestRunner.run(TestRunner.java:614)
	at org.testng.SuiteRunner.runTest(SuiteRunner.java:421)
	at org.testng.SuiteRunner.runSequentially(SuiteRunner.java:413)
	at org.testng.SuiteRunner.privateRun(SuiteRunner.java:373)
	at org.testng.SuiteRunner.run(SuiteRunner.java:312)
	at org.testng.SuiteRunnerWorker.runSuite(SuiteRunnerWorker.java:52)
	at org.testng.SuiteRunnerWorker.run(SuiteRunnerWorker.java:95)
	at org.testng.TestNG.runSuitesSequentially(TestNG.java:1274)
	at org.testng.TestNG.runSuitesLocally(TestNG.java:1208)
	at org.testng.TestNG.runSuites(TestNG.java:1112)
	at org.testng.TestNG.run(TestNG.java:1079)
	at com.intellij.rt.testng.IDEARemoteTestNG.run(IDEARemoteTestNG.java:65)
	at com.intellij.rt.testng.RemoteTestNGStarter.main(RemoteTestNGStarter.java:105)

2025-03-25T13:12:27,235 [main] INFO  (Logger.java:112) - [TestNG] Running:
  C:\Users\Kishan Kumar Pandey\AppData\Local\JetBrains\IdeaIC2024.3\temp-testng-customsuite.xml

2025-03-25T13:12:27,772 [main] INFO  (EndToEndApiRequest.java:33) -  e2eApiRequest test execution started....
2025-03-25T13:12:31,596 [main] INFO  (RestAssuredListener.java:27) - 
 Method =>POST
 URI =>https://restful-booker.herokuapp.com/booking
 request Body=>{

        "firstname": "api testing",
        "lastname": "tutorials",
        "totalprice": 111,
        "depositpaid": true,
        "bookingdates": {
            "checkin": "2018-01-01",
            "checkout": "2019-01-01"
        },
        "additionalneeds": "Breakfast"

}
 response Body=>{
    "bookingid": 704,
    "booking": {
        "firstname": "api testing",
        "lastname": "tutorials",
        "totalprice": 111,
        "depositpaid": true,
        "bookingdates": {
            "checkin": "2018-01-01",
            "checkout": "2019-01-01"
        },
        "additionalneeds": "Breakfast"
    }
}
2025-03-25T13:12:33,317 [main] INFO  (RestAssuredListener.java:27) - 
 Method =>GET
 URI =>https://restful-booker.herokuapp.com/booking/704
 request Body=>null
 response Body=>{
    "firstname": "api testing",
    "lastname": "tutorials",
    "totalprice": 111,
    "depositpaid": true,
    "bookingdates": {
        "checkin": "2018-01-01",
        "checkout": "2019-01-01"
    },
    "additionalneeds": "Breakfast"
}
2025-03-25T13:12:34,953 [main] INFO  (RestAssuredListener.java:27) - 
 Method =>POST
 URI =>https://restful-booker.herokuapp.com/auth
 request Body=>{
    "username":"admin",
    "password":"password123"
}
 response Body=>{
    "token": "7bf08e7b28ef381"
}
2025-03-25T13:12:36,548 [main] INFO  (RestAssuredListener.java:27) - 
 Method =>PUT
 URI =>https://restful-booker.herokuapp.com/booking/704
 request Body=>{
    "firstname" : "APItesting",
    "lastname" : "tutorials",
    "totalprice" : 111,
    "depositpaid" : true,
    "bookingdates" : {
        "checkin" : "2018-01-01",
        "checkout" : "2019-01-01"
    },
    "additionalneeds" : "Breakfast"
}
 response Body=>{
    "firstname": "APItesting",
    "lastname": "tutorials",
    "totalprice": 111,
    "depositpaid": true,
    "bookingdates": {
        "checkin": "2018-01-01",
        "checkout": "2019-01-01"
    },
    "additionalneeds": "Breakfast"
}
2025-03-25T13:12:38,840 [main] INFO  (RestAssuredListener.java:27) - 
 Method =>PATCH
 URI =>https://restful-booker.herokuapp.com/booking/704
 request Body=>{
 "firstname":"kishan",
 "lastname":"pandey"
}
 response Body=>{
    "firstname": "kishan",
    "lastname": "pandey",
    "totalprice": 111,
    "depositpaid": true,
    "bookingdates": {
        "checkin": "2018-01-01",
        "checkout": "2019-01-01"
    },
    "additionalneeds": "Breakfast"
}
2025-03-25T13:12:40,431 [main] INFO  (RestAssuredListener.java:27) - 
 Method =>DELETE
 URI =>https://restful-booker.herokuapp.com/booking/704
 request Body=>null
 response Body=>Created
2025-03-25T13:12:40,433 [main] INFO  (EndToEndApiRequest.java:149) - e2eApiRequest test execution ended....
