2025-03-12T09:44:06,133 [main] INFO  (Logger.java:112) - [Utils] MethodGroupsHelper.collectMethodsByGroup() took 1 ms.
2025-03-12T09:44:06,140 [main] INFO  (Logger.java:112) - [Utils] MethodGroupsHelper.sortMethods() took 1 ms.
2025-03-12T09:44:06,141 [main] INFO  (Logger.java:112) - [Utils] MethodGroupsHelper.collectMethodsByGroup() took 0 ms.
2025-03-12T09:44:06,141 [main] INFO  (Logger.java:112) - [Utils] MethodGroupsHelper.sortMethods() took 0 ms.
2025-03-12T09:44:06,142 [main] INFO  (Logger.java:112) - [Utils] MethodGroupsHelper.collectMethodsByGroup() took 0 ms.
2025-03-12T09:44:06,142 [main] INFO  (Logger.java:112) - [Utils] MethodGroupsHelper.sortMethods() took 0 ms.
2025-03-12T09:44:06,142 [main] INFO  (Logger.java:112) - [Utils] MethodGroupsHelper.collectMethodsByGroup() took 0 ms.
2025-03-12T09:44:06,143 [main] INFO  (Logger.java:112) - [Utils] MethodGroupsHelper.sortMethods() took 0 ms.
2025-03-12T09:44:06,143 [main] INFO  (Logger.java:112) - [Utils] MethodGroupsHelper.collectMethodsByGroup() took 0 ms.
2025-03-12T09:44:06,143 [main] INFO  (Logger.java:112) - [Utils] MethodGroupsHelper.sortMethods() took 0 ms.
2025-03-12T09:44:06,144 [main] INFO  (Logger.java:112) - [Utils] MethodGroupsHelper.collectMethodsByGroup() took 0 ms.
2025-03-12T09:44:06,144 [main] INFO  (Logger.java:112) - [Utils] MethodGroupsHelper.sortMethods() took 0 ms.
2025-03-12T09:44:06,144 [main] INFO  (Logger.java:112) - [Utils] MethodGroupsHelper.collectMethodsByGroup() took 0 ms.
2025-03-12T09:44:06,145 [main] INFO  (Logger.java:112) - [Utils] MethodGroupsHelper.sortMethods() took 0 ms.
2025-03-12T09:44:06,145 [main] INFO  (Logger.java:112) - [Utils] MethodGroupsHelper.collectMethodsByGroup() took 0 ms.
2025-03-12T09:44:06,145 [main] INFO  (Logger.java:112) - [Utils] MethodGroupsHelper.sortMethods() took 0 ms.
2025-03-12T09:44:06,155 [main] INFO  (Logger.java:112) - [Utils] MethodGroupsHelper.collectMethodsByGroup() took 3 ms.
2025-03-12T09:44:06,169 [main] INFO  (Logger.java:112) - [Utils] MethodGroupsHelper.sortMethods() took 13 ms.
2025-03-12T09:44:06,171 [main] INFO  (Logger.java:112) - [Utils] MethodGroupsHelper.collectMethodsByGroup() took 0 ms.
2025-03-12T09:44:06,172 [main] INFO  (Logger.java:112) - [Utils] MethodGroupsHelper.sortMethods() took 0 ms.
2025-03-12T09:44:06,175 [main] INFO  (Logger.java:112) - [Utils] MethodGroupsHelper.collectMethodsByGroup() took 0 ms.
2025-03-12T09:44:06,175 [main] INFO  (Logger.java:112) - [Utils] MethodGroupsHelper.sortMethods() took 0 ms.
2025-03-12T09:44:06,176 [main] INFO  (Logger.java:112) - [Utils] MethodGroupsHelper.collectMethodsByGroup() took 0 ms.
2025-03-12T09:44:06,176 [main] INFO  (Logger.java:112) - [Utils] MethodGroupsHelper.sortMethods() took 0 ms.
2025-03-12T09:44:06,176 [main] INFO  (Logger.java:112) - [Utils] MethodGroupsHelper.collectMethodsByGroup() took 0 ms.
2025-03-12T09:44:06,176 [main] INFO  (Logger.java:112) - [Utils] MethodGroupsHelper.sortMethods() took 0 ms.
2025-03-12T09:44:06,177 [main] INFO  (Logger.java:112) - [Utils] MethodGroupsHelper.collectMethodsByGroup() took 0 ms.
2025-03-12T09:44:06,177 [main] INFO  (Logger.java:112) - [Utils] MethodGroupsHelper.sortMethods() took 0 ms.
2025-03-12T09:44:06,177 [main] INFO  (Logger.java:112) - [Utils] MethodGroupsHelper.collectMethodsByGroup() took 0 ms.
2025-03-12T09:44:06,177 [main] INFO  (Logger.java:112) - [Utils] MethodGroupsHelper.sortMethods() took 0 ms.
2025-03-12T09:44:06,177 [main] INFO  (Logger.java:112) - [Utils] MethodGroupsHelper.collectMethodsByGroup() took 0 ms.
2025-03-12T09:44:06,178 [main] INFO  (Logger.java:112) - [Utils] MethodGroupsHelper.sortMethods() took 0 ms.
2025-03-12T09:44:06,178 [main] INFO  (Logger.java:112) - [Utils] MethodGroupsHelper.collectMethodsByGroup() took 0 ms.
2025-03-12T09:44:06,178 [main] INFO  (Logger.java:112) - [Utils] MethodGroupsHelper.sortMethods() took 0 ms.
2025-03-12T09:44:06,178 [main] INFO  (Logger.java:112) - [Utils] MethodGroupsHelper.collectMethodsByGroup() took 0 ms.
2025-03-12T09:44:06,178 [main] INFO  (Logger.java:112) - [Utils] MethodGroupsHelper.sortMethods() took 0 ms.
2025-03-12T09:44:06,179 [main] INFO  (Logger.java:112) - [Utils] MethodGroupsHelper.collectMethodsByGroup() took 0 ms.
2025-03-12T09:44:06,179 [main] INFO  (Logger.java:112) - [Utils] MethodGroupsHelper.sortMethods() took 0 ms.
2025-03-12T09:44:06,179 [main] INFO  (Logger.java:112) - [Utils] MethodGroupsHelper.collectMethodsByGroup() took 0 ms.
2025-03-12T09:44:06,180 [main] INFO  (Logger.java:112) - [Utils] MethodGroupsHelper.sortMethods() took 0 ms.
2025-03-12T09:44:06,182 [main] INFO  (Logger.java:112) - [Utils] MethodGroupsHelper.collectMethodsByGroup() took 0 ms.
2025-03-12T09:44:06,182 [main] INFO  (Logger.java:112) - [Utils] MethodGroupsHelper.sortMethods() took 0 ms.
2025-03-12T09:44:06,182 [main] INFO  (Logger.java:112) - [Utils] MethodGroupsHelper.collectMethodsByGroup() took 0 ms.
2025-03-12T09:44:06,182 [main] INFO  (Logger.java:112) - [Utils] MethodGroupsHelper.sortMethods() took 0 ms.
2025-03-12T09:44:06,183 [main] INFO  (Logger.java:112) - [Utils] MethodGroupsHelper.collectMethodsByGroup() took 0 ms.
2025-03-12T09:44:06,183 [main] INFO  (Logger.java:112) - [Utils] MethodGroupsHelper.sortMethods() took 0 ms.
2025-03-12T09:44:06,183 [main] INFO  (Logger.java:112) - [Utils] MethodGroupsHelper.collectMethodsByGroup() took 0 ms.
2025-03-12T09:44:06,183 [main] INFO  (Logger.java:112) - [Utils] MethodGroupsHelper.sortMethods() took 0 ms.
2025-03-12T09:44:06,183 [main] INFO  (Logger.java:112) - [Utils] MethodGroupsHelper.collectMethodsByGroup() took 0 ms.
2025-03-12T09:44:06,184 [main] INFO  (Logger.java:112) - [Utils] MethodGroupsHelper.sortMethods() took 0 ms.
2025-03-12T09:44:06,184 [main] INFO  (Logger.java:112) - [Utils] MethodGroupsHelper.collectMethodsByGroup() took 0 ms.
2025-03-12T09:44:06,184 [main] INFO  (Logger.java:112) - [Utils] MethodGroupsHelper.sortMethods() took 0 ms.
2025-03-12T09:44:06,184 [main] INFO  (Logger.java:112) - [Utils] MethodGroupsHelper.collectMethodsByGroup() took 0 ms.
2025-03-12T09:44:06,185 [main] INFO  (Logger.java:112) - [Utils] MethodGroupsHelper.sortMethods() took 0 ms.
2025-03-12T09:44:06,185 [main] INFO  (Logger.java:112) - [Utils] MethodGroupsHelper.collectMethodsByGroup() took 0 ms.
2025-03-12T09:44:06,185 [main] INFO  (Logger.java:112) - [Utils] MethodGroupsHelper.sortMethods() took 0 ms.
2025-03-12T09:44:06,185 [main] INFO  (Logger.java:112) - [Utils] MethodGroupsHelper.collectMethodsByGroup() took 0 ms.
2025-03-12T09:44:06,186 [main] INFO  (Logger.java:112) - [Utils] MethodGroupsHelper.sortMethods() took 0 ms.
2025-03-12T09:44:06,186 [main] INFO  (Logger.java:112) - [Utils] MethodGroupsHelper.collectMethodsByGroup() took 0 ms.
2025-03-12T09:44:06,186 [main] INFO  (Logger.java:112) - [Utils] MethodGroupsHelper.sortMethods() took 0 ms.
2025-03-12T09:44:06,188 [main] INFO  (Logger.java:112) - [Utils] MethodGroupsHelper.collectMethodsByGroup() took 0 ms.
2025-03-12T09:44:06,189 [main] INFO  (Logger.java:112) - [Utils] MethodGroupsHelper.sortMethods() took 0 ms.
2025-03-12T09:44:06,189 [main] INFO  (Logger.java:112) - [Utils] MethodGroupsHelper.collectMethodsByGroup() took 0 ms.
2025-03-12T09:44:06,190 [main] INFO  (Logger.java:112) - [Utils] MethodGroupsHelper.sortMethods() took 0 ms.
2025-03-12T09:44:06,191 [main] INFO  (Logger.java:112) - [Utils] MethodGroupsHelper.collectMethodsByGroup() took 0 ms.
2025-03-12T09:44:06,191 [main] INFO  (Logger.java:112) - [Utils] MethodGroupsHelper.sortMethods() took 0 ms.
2025-03-12T09:44:06,192 [main] INFO  (Logger.java:112) - [Utils] MethodGroupsHelper.collectMethodsByGroup() took 1 ms.
2025-03-12T09:44:06,192 [main] INFO  (Logger.java:112) - [Utils] MethodGroupsHelper.sortMethods() took 0 ms.
2025-03-12T09:44:06,192 [main] INFO  (Logger.java:112) - [Utils] MethodGroupsHelper.collectMethodsByGroup() took 0 ms.
2025-03-12T09:44:06,192 [main] INFO  (Logger.java:112) - [Utils] MethodGroupsHelper.sortMethods() took 0 ms.
2025-03-12T09:44:06,193 [main] INFO  (Logger.java:112) - [Utils] MethodGroupsHelper.collectMethodsByGroup() took 0 ms.
2025-03-12T09:44:06,193 [main] INFO  (Logger.java:112) - [Utils] MethodGroupsHelper.sortMethods() took 0 ms.
2025-03-12T09:44:06,193 [main] INFO  (Logger.java:112) - [Utils] MethodGroupsHelper.collectMethodsByGroup() took 0 ms.
2025-03-12T09:44:06,194 [main] INFO  (Logger.java:112) - [Utils] MethodGroupsHelper.sortMethods() took 0 ms.
2025-03-12T09:44:06,194 [main] INFO  (Logger.java:112) - [Utils] MethodGroupsHelper.collectMethodsByGroup() took 0 ms.
2025-03-12T09:44:06,195 [main] INFO  (Logger.java:112) - [Utils] MethodGroupsHelper.sortMethods() took 0 ms.
2025-03-12T09:44:06,195 [main] INFO  (Logger.java:112) - [Utils] MethodGroupsHelper.collectMethodsByGroup() took 0 ms.
2025-03-12T09:44:06,195 [main] INFO  (Logger.java:112) - [Utils] MethodGroupsHelper.sortMethods() took 0 ms.
2025-03-12T09:44:06,196 [main] INFO  (Logger.java:112) - [Utils] MethodGroupsHelper.collectMethodsByGroup() took 0 ms.
2025-03-12T09:44:06,197 [main] INFO  (Logger.java:112) - [Utils] MethodGroupsHelper.sortMethods() took 0 ms.
2025-03-12T09:44:06,200 [main] INFO  (Logger.java:112) - [Utils] MethodGroupsHelper.collectMethodsByGroup() took 0 ms.
2025-03-12T09:44:06,200 [main] INFO  (Logger.java:112) - [Utils] MethodGroupsHelper.sortMethods() took 0 ms.
2025-03-12T09:44:06,200 [main] INFO  (Logger.java:112) - [Utils] MethodGroupsHelper.collectMethodsByGroup() took 0 ms.
2025-03-12T09:44:06,201 [main] INFO  (Logger.java:112) - [Utils] MethodGroupsHelper.sortMethods() took 0 ms.
2025-03-12T09:44:06,201 [main] INFO  (Logger.java:112) - [Utils] MethodGroupsHelper.collectMethodsByGroup() took 0 ms.
2025-03-12T09:44:06,201 [main] INFO  (Logger.java:112) - [Utils] MethodGroupsHelper.sortMethods() took 0 ms.
2025-03-12T09:44:06,202 [main] INFO  (Logger.java:112) - [Utils] MethodGroupsHelper.collectMethodsByGroup() took 0 ms.
2025-03-12T09:44:06,202 [main] INFO  (Logger.java:112) - [Utils] MethodGroupsHelper.sortMethods() took 0 ms.
2025-03-12T09:44:06,202 [main] INFO  (Logger.java:112) - [Utils] MethodGroupsHelper.collectMethodsByGroup() took 0 ms.
2025-03-12T09:44:06,202 [main] INFO  (Logger.java:112) - [Utils] MethodGroupsHelper.sortMethods() took 0 ms.
2025-03-12T09:44:06,202 [main] INFO  (Logger.java:112) - [Utils] MethodGroupsHelper.collectMethodsByGroup() took 0 ms.
2025-03-12T09:44:06,202 [main] INFO  (Logger.java:112) - [Utils] MethodGroupsHelper.sortMethods() took 0 ms.
2025-03-12T09:44:06,203 [main] INFO  (Logger.java:112) - [Utils] MethodGroupsHelper.collectMethodsByGroup() took 0 ms.
2025-03-12T09:44:06,203 [main] INFO  (Logger.java:112) - [Utils] MethodGroupsHelper.sortMethods() took 0 ms.
2025-03-12T09:44:06,203 [main] INFO  (Logger.java:112) - [Utils] MethodGroupsHelper.collectMethodsByGroup() took 0 ms.
2025-03-12T09:44:06,203 [main] INFO  (Logger.java:112) - [Utils] MethodGroupsHelper.sortMethods() took 0 ms.
2025-03-12T09:44:06,203 [main] INFO  (Logger.java:112) - [Utils] MethodGroupsHelper.collectMethodsByGroup() took 0 ms.
2025-03-12T09:44:06,204 [main] INFO  (Logger.java:112) - [Utils] MethodGroupsHelper.sortMethods() took 1 ms.
2025-03-12T09:44:06,204 [main] INFO  (Logger.java:112) - [Utils] MethodGroupsHelper.collectMethodsByGroup() took 0 ms.
2025-03-12T09:44:06,204 [main] INFO  (Logger.java:112) - [Utils] MethodGroupsHelper.sortMethods() took 0 ms.
2025-03-12T09:44:06,205 [main] INFO  (Logger.java:112) - [Utils] MethodGroupsHelper.collectMethodsByGroup() took 0 ms.
2025-03-12T09:44:06,206 [main] INFO  (Logger.java:112) - [Utils] MethodGroupsHelper.sortMethods() took 0 ms.
2025-03-12T09:44:06,206 [main] INFO  (Logger.java:112) - [Utils] MethodGroupsHelper.collectMethodsByGroup() took 0 ms.
2025-03-12T09:44:06,206 [main] INFO  (Logger.java:112) - [Utils] MethodGroupsHelper.sortMethods() took 0 ms.
2025-03-12T09:44:06,207 [main] INFO  (Logger.java:112) - [Utils] MethodGroupsHelper.collectMethodsByGroup() took 0 ms.
2025-03-12T09:44:06,207 [main] INFO  (Logger.java:112) - [Utils] MethodGroupsHelper.sortMethods() took 0 ms.
2025-03-12T09:44:06,207 [main] INFO  (Logger.java:112) - [Utils] MethodGroupsHelper.collectMethodsByGroup() took 0 ms.
2025-03-12T09:44:06,207 [main] INFO  (Logger.java:112) - [Utils] MethodGroupsHelper.sortMethods() took 0 ms.
2025-03-12T09:44:06,208 [main] INFO  (Logger.java:112) - [Utils] MethodGroupsHelper.collectMethodsByGroup() took 0 ms.
2025-03-12T09:44:06,208 [main] INFO  (Logger.java:112) - [Utils] MethodGroupsHelper.sortMethods() took 0 ms.
2025-03-12T09:44:06,208 [main] INFO  (Logger.java:112) - [Utils] MethodGroupsHelper.collectMethodsByGroup() took 0 ms.
2025-03-12T09:44:06,208 [main] INFO  (Logger.java:112) - [Utils] MethodGroupsHelper.sortMethods() took 0 ms.
2025-03-12T09:44:06,209 [main] INFO  (Logger.java:112) - [Utils] MethodGroupsHelper.collectMethodsByGroup() took 0 ms.
2025-03-12T09:44:06,209 [main] INFO  (Logger.java:112) - [Utils] MethodGroupsHelper.sortMethods() took 0 ms.
2025-03-12T09:44:06,209 [main] INFO  (Logger.java:112) - [Utils] MethodGroupsHelper.collectMethodsByGroup() took 0 ms.
2025-03-12T09:44:06,210 [main] INFO  (Logger.java:112) - [Utils] MethodGroupsHelper.sortMethods() took 0 ms.
2025-03-12T09:44:06,210 [main] INFO  (Logger.java:112) - [Utils] MethodGroupsHelper.collectMethodsByGroup() took 0 ms.
2025-03-12T09:44:06,211 [main] INFO  (Logger.java:112) - [Utils] MethodGroupsHelper.sortMethods() took 0 ms.
2025-03-12T09:44:06,212 [main] INFO  (Logger.java:112) - [Utils] MethodGroupsHelper.collectMethodsByGroup() took 0 ms.
2025-03-12T09:44:06,212 [main] INFO  (Logger.java:112) - [Utils] MethodGroupsHelper.sortMethods() took 0 ms.
2025-03-12T09:44:06,214 [main] INFO  (Logger.java:112) - [Utils] MethodGroupsHelper.collectMethodsByGroup() took 0 ms.
2025-03-12T09:44:06,214 [main] INFO  (Logger.java:112) - [Utils] MethodGroupsHelper.sortMethods() took 0 ms.
2025-03-12T09:44:06,215 [main] INFO  (Logger.java:112) - [Utils] MethodGroupsHelper.collectMethodsByGroup() took 0 ms.
2025-03-12T09:44:06,215 [main] INFO  (Logger.java:112) - [Utils] MethodGroupsHelper.sortMethods() took 0 ms.
2025-03-12T09:44:06,215 [main] INFO  (Logger.java:112) - [Utils] MethodGroupsHelper.collectMethodsByGroup() took 0 ms.
2025-03-12T09:44:06,215 [main] INFO  (Logger.java:112) - [Utils] MethodGroupsHelper.sortMethods() took 0 ms.
2025-03-12T09:44:06,216 [main] INFO  (Logger.java:112) - [Utils] MethodGroupsHelper.collectMethodsByGroup() took 0 ms.
2025-03-12T09:44:06,216 [main] INFO  (Logger.java:112) - [Utils] MethodGroupsHelper.sortMethods() took 0 ms.
2025-03-12T09:44:06,217 [main] INFO  (Logger.java:112) - [Utils] MethodGroupsHelper.collectMethodsByGroup() took 0 ms.
2025-03-12T09:44:06,217 [main] INFO  (Logger.java:112) - [Utils] MethodGroupsHelper.sortMethods() took 0 ms.
2025-03-12T09:44:06,217 [main] INFO  (Logger.java:112) - [Utils] MethodGroupsHelper.collectMethodsByGroup() took 0 ms.
2025-03-12T09:44:06,218 [main] INFO  (Logger.java:112) - [Utils] MethodGroupsHelper.sortMethods() took 0 ms.
2025-03-12T09:44:06,218 [main] INFO  (Logger.java:112) - [Utils] MethodGroupsHelper.collectMethodsByGroup() took 0 ms.
2025-03-12T09:44:06,218 [main] INFO  (Logger.java:112) - [Utils] MethodGroupsHelper.sortMethods() took 0 ms.
2025-03-12T09:44:06,219 [main] INFO  (Logger.java:112) - [Utils] MethodGroupsHelper.collectMethodsByGroup() took 0 ms.
2025-03-12T09:44:06,219 [main] INFO  (Logger.java:112) - [Utils] MethodGroupsHelper.sortMethods() took 0 ms.
2025-03-12T09:44:06,221 [main] INFO  (Logger.java:112) - [Utils] MethodGroupsHelper.collectMethodsByGroup() took 0 ms.
2025-03-12T09:44:06,222 [main] INFO  (Logger.java:112) - [Utils] MethodGroupsHelper.sortMethods() took 0 ms.
2025-03-12T09:44:06,223 [main] INFO  (Logger.java:112) - [Utils] MethodGroupsHelper.collectMethodsByGroup() took 0 ms.
2025-03-12T09:44:06,224 [main] INFO  (Logger.java:112) - [Utils] MethodGroupsHelper.sortMethods() took 0 ms.
2025-03-12T09:44:06,227 [main] INFO  (Logger.java:112) - [Utils] MethodGroupsHelper.collectMethodsByGroup() took 0 ms.
2025-03-12T09:44:06,228 [main] INFO  (Logger.java:112) - [Utils] MethodGroupsHelper.sortMethods() took 0 ms.
2025-03-12T09:44:06,229 [main] INFO  (Logger.java:112) - [Utils] MethodGroupsHelper.collectMethodsByGroup() took 0 ms.
2025-03-12T09:44:06,230 [main] INFO  (Logger.java:112) - [Utils] MethodGroupsHelper.sortMethods() took 0 ms.
2025-03-12T09:44:06,232 [main] INFO  (Logger.java:112) - [Utils] MethodGroupsHelper.collectMethodsByGroup() took 0 ms.
2025-03-12T09:44:06,232 [main] INFO  (Logger.java:112) - [Utils] MethodGroupsHelper.sortMethods() took 0 ms.
2025-03-12T09:44:06,233 [main] INFO  (Logger.java:112) - [Utils] MethodGroupsHelper.collectMethodsByGroup() took 0 ms.
2025-03-12T09:44:06,233 [main] INFO  (Logger.java:112) - [Utils] MethodGroupsHelper.sortMethods() took 0 ms.
2025-03-12T09:44:06,234 [main] INFO  (Logger.java:112) - [Utils] MethodGroupsHelper.collectMethodsByGroup() took 0 ms.
2025-03-12T09:44:06,234 [main] INFO  (Logger.java:112) - [Utils] MethodGroupsHelper.sortMethods() took 0 ms.
2025-03-12T09:44:06,235 [main] INFO  (Logger.java:112) - [Utils] MethodGroupsHelper.collectMethodsByGroup() took 0 ms.
2025-03-12T09:44:06,235 [main] INFO  (Logger.java:112) - [Utils] MethodGroupsHelper.sortMethods() took 0 ms.
2025-03-12T09:44:06,235 [main] INFO  (Logger.java:112) - [Utils] MethodGroupsHelper.collectMethodsByGroup() took 0 ms.
2025-03-12T09:44:06,236 [main] INFO  (Logger.java:112) - [Utils] MethodGroupsHelper.sortMethods() took 0 ms.
2025-03-12T09:44:06,236 [main] INFO  (Logger.java:112) - [Utils] MethodGroupsHelper.collectMethodsByGroup() took 0 ms.
2025-03-12T09:44:06,236 [main] INFO  (Logger.java:112) - [Utils] MethodGroupsHelper.sortMethods() took 0 ms.
2025-03-12T09:44:06,237 [main] INFO  (Logger.java:112) - [Utils] MethodGroupsHelper.collectMethodsByGroup() took 0 ms.
2025-03-12T09:44:06,237 [main] INFO  (Logger.java:112) - [Utils] MethodGroupsHelper.sortMethods() took 0 ms.
2025-03-12T09:44:06,238 [main] INFO  (Logger.java:112) - [Utils] MethodGroupsHelper.collectMethodsByGroup() took 0 ms.
2025-03-12T09:44:06,239 [main] INFO  (Logger.java:112) - [Utils] MethodGroupsHelper.sortMethods() took 1 ms.
2025-03-12T09:44:06,241 [main] INFO  (Logger.java:112) - [Utils] MethodGroupsHelper.collectMethodsByGroup() took 0 ms.
2025-03-12T09:44:06,242 [main] INFO  (Logger.java:112) - [Utils] MethodGroupsHelper.sortMethods() took 0 ms.
2025-03-12T09:44:06,242 [main] INFO  (Logger.java:112) - [Utils] MethodGroupsHelper.collectMethodsByGroup() took 0 ms.
2025-03-12T09:44:06,242 [main] INFO  (Logger.java:112) - [Utils] MethodGroupsHelper.sortMethods() took 0 ms.
2025-03-12T09:44:06,242 [main] INFO  (Logger.java:112) - [Utils] MethodGroupsHelper.collectMethodsByGroup() took 0 ms.
2025-03-12T09:44:06,243 [main] INFO  (Logger.java:112) - [Utils] MethodGroupsHelper.sortMethods() took 0 ms.
2025-03-12T09:44:06,243 [main] INFO  (Logger.java:112) - [Utils] MethodGroupsHelper.collectMethodsByGroup() took 0 ms.
2025-03-12T09:44:06,243 [main] INFO  (Logger.java:112) - [Utils] MethodGroupsHelper.sortMethods() took 0 ms.
2025-03-12T09:44:06,243 [main] INFO  (Logger.java:112) - [Utils] MethodGroupsHelper.collectMethodsByGroup() took 0 ms.
2025-03-12T09:44:06,244 [main] INFO  (Logger.java:112) - [Utils] MethodGroupsHelper.sortMethods() took 0 ms.
2025-03-12T09:44:06,244 [main] INFO  (Logger.java:112) - [Utils] MethodGroupsHelper.collectMethodsByGroup() took 0 ms.
2025-03-12T09:44:06,244 [main] INFO  (Logger.java:112) - [Utils] MethodGroupsHelper.sortMethods() took 0 ms.
2025-03-12T09:44:06,244 [main] INFO  (Logger.java:112) - [Utils] MethodGroupsHelper.collectMethodsByGroup() took 0 ms.
2025-03-12T09:44:06,244 [main] INFO  (Logger.java:112) - [Utils] MethodGroupsHelper.sortMethods() took 0 ms.
2025-03-12T09:44:06,245 [main] INFO  (Logger.java:112) - [Utils] MethodGroupsHelper.collectMethodsByGroup() took 0 ms.
2025-03-12T09:44:06,245 [main] INFO  (Logger.java:112) - [Utils] MethodGroupsHelper.sortMethods() took 0 ms.
2025-03-12T09:44:06,245 [main] INFO  (Logger.java:112) - [Utils] MethodGroupsHelper.collectMethodsByGroup() took 0 ms.
2025-03-12T09:44:06,245 [main] INFO  (Logger.java:112) - [Utils] MethodGroupsHelper.sortMethods() took 0 ms.
2025-03-12T09:44:06,245 [main] INFO  (Logger.java:112) - [Utils] MethodGroupsHelper.collectMethodsByGroup() took 0 ms.
2025-03-12T09:44:06,246 [main] INFO  (Logger.java:112) - [Utils] MethodGroupsHelper.sortMethods() took 0 ms.
2025-03-12T09:44:06,250 [main] INFO  (Logger.java:112) - [Utils] MethodGroupsHelper.collectMethodsByGroup() took 0 ms.
2025-03-12T09:44:06,251 [main] INFO  (Logger.java:112) - [Utils] MethodGroupsHelper.sortMethods() took 0 ms.
2025-03-12T09:44:06,251 [main] INFO  (Logger.java:112) - [Utils] MethodGroupsHelper.collectMethodsByGroup() took 0 ms.
2025-03-12T09:44:06,251 [main] INFO  (Logger.java:112) - [Utils] MethodGroupsHelper.sortMethods() took 0 ms.
2025-03-12T09:44:06,255 [main] INFO  (Logger.java:112) - [Utils] MethodGroupsHelper.collectMethodsByGroup() took 2 ms.
2025-03-12T09:44:06,270 [main] INFO  (Logger.java:112) - [Utils] MethodGroupsHelper.sortMethods() took 15 ms.
2025-03-12T09:44:06,273 [main] INFO  (Logger.java:112) - [Utils] MethodGroupsHelper.collectMethodsByGroup() took 0 ms.
2025-03-12T09:44:06,273 [main] INFO  (Logger.java:112) - [Utils] MethodGroupsHelper.sortMethods() took 0 ms.
2025-03-12T09:44:06,274 [main] INFO  (Logger.java:112) - [Utils] MethodGroupsHelper.collectMethodsByGroup() took 0 ms.
2025-03-12T09:44:06,274 [main] INFO  (Logger.java:112) - [Utils] MethodGroupsHelper.sortMethods() took 0 ms.
2025-03-12T09:44:06,287 [main] INFO  (Logger.java:112) - [TestNG] Running:
  C:\Users\Kishan Kumar Pandey\IdeaProjects\RetargetAPI_youTube1411am\suites\testng.xml

2025-03-12T09:44:06,517 [main] INFO  (Logger.java:112) - [Utils] DynamicGraphHelper.createDynamicGraph() took 10 ms.
2025-03-12T09:44:06,982 [main] INFO  (EndToEndApiRequest.java:33) -  e2eApiRequest test execution started....
2025-03-12T09:44:09,550 [main] INFO  (RestAssuredListener.java:27) - 
 MethodPOST
 URI =>https://restful-booker.herokuapp.com/booking
 request Body=>{

        "firstname": "api testing",
        "lastname": "tutorials",
        "totalprice": 111,
        "depositpaid": true,
        "bookingdates": {
            "checkin": "2018-01-01",
            "checkout": "2019-01-01"
        },
        "additionalneeds": "Breakfast"

}
 response Body=>{
    "bookingid": 1311,
    "booking": {
        "firstname": "api testing",
        "lastname": "tutorials",
        "totalprice": 111,
        "depositpaid": true,
        "bookingdates": {
            "checkin": "2018-01-01",
            "checkout": "2019-01-01"
        },
        "additionalneeds": "Breakfast"
    }
}
2025-03-12T09:44:11,042 [main] INFO  (RestAssuredListener.java:27) - 
 MethodGET
 URI =>https://restful-booker.herokuapp.com/booking/1311
 request Body=>null
 response Body=>{
    "firstname": "api testing",
    "lastname": "tutorials",
    "totalprice": 111,
    "depositpaid": true,
    "bookingdates": {
        "checkin": "2018-01-01",
        "checkout": "2019-01-01"
    },
    "additionalneeds": "Breakfast"
}
2025-03-12T09:44:12,488 [main] INFO  (RestAssuredListener.java:27) - 
 MethodPOST
 URI =>https://restful-booker.herokuapp.com/auth
 request Body=>{
    "username":"admin",
    "password":"password123"
}
 response Body=>{
    "token": "f5213ca23e1dbf2"
}
2025-03-12T09:44:13,911 [main] INFO  (RestAssuredListener.java:27) - 
 MethodPUT
 URI =>https://restful-booker.herokuapp.com/booking/1311
 request Body=>{
    "firstname" : "APItesting",
    "lastname" : "tutorials",
    "totalprice" : 111,
    "depositpaid" : true,
    "bookingdates" : {
        "checkin" : "2018-01-01",
        "checkout" : "2019-01-01"
    },
    "additionalneeds" : "Breakfast"
}
 response Body=>{
    "firstname": "APItesting",
    "lastname": "tutorials",
    "totalprice": 111,
    "depositpaid": true,
    "bookingdates": {
        "checkin": "2018-01-01",
        "checkout": "2019-01-01"
    },
    "additionalneeds": "Breakfast"
}
2025-03-12T09:44:15,853 [main] INFO  (RestAssuredListener.java:27) - 
 MethodPATCH
 URI =>https://restful-booker.herokuapp.com/booking/1311
 request Body=>{
 "firstname":"kishan"
}
 response Body=>{
    "firstname": "kishan",
    "lastname": "tutorials",
    "totalprice": 111,
    "depositpaid": true,
    "bookingdates": {
        "checkin": "2018-01-01",
        "checkout": "2019-01-01"
    },
    "additionalneeds": "Breakfast"
}
2025-03-12T09:44:17,321 [main] INFO  (RestAssuredListener.java:27) - 
 MethodDELETE
 URI =>https://restful-booker.herokuapp.com/booking/1311
 request Body=>null
 response Body=>Created
2025-03-12T09:44:17,323 [main] INFO  (EndToEndApiRequest.java:149) - e2eApiRequest test execution ended....
2025-03-12T09:44:17,758 [main] INFO  (GetApiRequest.java:18) -  e2eApiRequest test execution started....
2025-03-12T09:44:41,368 [main] INFO  (Logger.java:112) - [TestNG] Time taken by org.testng.internal.ExitCodeListener@1aca6dc3: 0 ms
2025-03-12T10:02:53,934 [main] INFO  (Logger.java:112) - [Utils] MethodGroupsHelper.collectMethodsByGroup() took 0 ms.
2025-03-12T10:02:53,942 [main] INFO  (Logger.java:112) - [Utils] MethodGroupsHelper.sortMethods() took 1 ms.
2025-03-12T10:02:53,944 [main] INFO  (Logger.java:112) - [Utils] MethodGroupsHelper.collectMethodsByGroup() took 0 ms.
2025-03-12T10:02:53,944 [main] INFO  (Logger.java:112) - [Utils] MethodGroupsHelper.sortMethods() took 0 ms.
2025-03-12T10:02:53,945 [main] INFO  (Logger.java:112) - [Utils] MethodGroupsHelper.collectMethodsByGroup() took 0 ms.
2025-03-12T10:02:53,945 [main] INFO  (Logger.java:112) - [Utils] MethodGroupsHelper.sortMethods() took 0 ms.
2025-03-12T10:02:53,946 [main] INFO  (Logger.java:112) - [Utils] MethodGroupsHelper.collectMethodsByGroup() took 0 ms.
2025-03-12T10:02:53,946 [main] INFO  (Logger.java:112) - [Utils] MethodGroupsHelper.sortMethods() took 0 ms.
2025-03-12T10:02:53,947 [main] INFO  (Logger.java:112) - [Utils] MethodGroupsHelper.collectMethodsByGroup() took 0 ms.
2025-03-12T10:02:53,947 [main] INFO  (Logger.java:112) - [Utils] MethodGroupsHelper.sortMethods() took 0 ms.
2025-03-12T10:02:53,948 [main] INFO  (Logger.java:112) - [Utils] MethodGroupsHelper.collectMethodsByGroup() took 0 ms.
2025-03-12T10:02:53,948 [main] INFO  (Logger.java:112) - [Utils] MethodGroupsHelper.sortMethods() took 0 ms.
2025-03-12T10:02:53,948 [main] INFO  (Logger.java:112) - [Utils] MethodGroupsHelper.collectMethodsByGroup() took 0 ms.
2025-03-12T10:02:53,949 [main] INFO  (Logger.java:112) - [Utils] MethodGroupsHelper.sortMethods() took 0 ms.
2025-03-12T10:02:53,949 [main] INFO  (Logger.java:112) - [Utils] MethodGroupsHelper.collectMethodsByGroup() took 0 ms.
2025-03-12T10:02:53,949 [main] INFO  (Logger.java:112) - [Utils] MethodGroupsHelper.sortMethods() took 0 ms.
2025-03-12T10:02:53,960 [main] INFO  (Logger.java:112) - [Utils] MethodGroupsHelper.collectMethodsByGroup() took 1 ms.
2025-03-12T10:02:53,972 [main] INFO  (Logger.java:112) - [Utils] MethodGroupsHelper.sortMethods() took 11 ms.
2025-03-12T10:02:53,973 [main] INFO  (Logger.java:112) - [Utils] MethodGroupsHelper.collectMethodsByGroup() took 0 ms.
2025-03-12T10:02:53,974 [main] INFO  (Logger.java:112) - [Utils] MethodGroupsHelper.sortMethods() took 0 ms.
2025-03-12T10:02:53,978 [main] INFO  (Logger.java:112) - [Utils] MethodGroupsHelper.collectMethodsByGroup() took 0 ms.
2025-03-12T10:02:53,978 [main] INFO  (Logger.java:112) - [Utils] MethodGroupsHelper.sortMethods() took 0 ms.
2025-03-12T10:02:53,978 [main] INFO  (Logger.java:112) - [Utils] MethodGroupsHelper.collectMethodsByGroup() took 0 ms.
2025-03-12T10:02:53,979 [main] INFO  (Logger.java:112) - [Utils] MethodGroupsHelper.sortMethods() took 0 ms.
2025-03-12T10:02:53,980 [main] INFO  (Logger.java:112) - [Utils] MethodGroupsHelper.collectMethodsByGroup() took 0 ms.
2025-03-12T10:02:53,980 [main] INFO  (Logger.java:112) - [Utils] MethodGroupsHelper.sortMethods() took 0 ms.
2025-03-12T10:02:53,983 [main] INFO  (Logger.java:112) - [Utils] MethodGroupsHelper.collectMethodsByGroup() took 0 ms.
2025-03-12T10:02:53,983 [main] INFO  (Logger.java:112) - [Utils] MethodGroupsHelper.sortMethods() took 0 ms.
2025-03-12T10:02:53,984 [main] INFO  (Logger.java:112) - [Utils] MethodGroupsHelper.collectMethodsByGroup() took 0 ms.
2025-03-12T10:02:53,984 [main] INFO  (Logger.java:112) - [Utils] MethodGroupsHelper.sortMethods() took 0 ms.
2025-03-12T10:02:53,988 [main] INFO  (Logger.java:112) - [TestNG] Running:
  C:\Users\Kishan Kumar Pandey\IdeaProjects\RetargetAPI_youTube1411am\suites\Allure.xml

2025-03-12T10:02:54,022 [main] INFO  (Logger.java:112) - [Utils] DynamicGraphHelper.createDynamicGraph() took 7 ms.
2025-03-12T10:02:54,695 [main] INFO  (AllureReportGeneration.java:37) -  e2eApiRequest test execution started....
2025-03-12T10:03:05,294 [main] INFO  (AllureReportGeneration.java:154) - e2eApiRequest test execution ended....
2025-03-12T10:03:05,331 [main] INFO  (Logger.java:112) - [TestNG] Time taken by org.testng.internal.ExitCodeListener@58ebee9: 0 ms
